Archive member included to satisfy reference by file (symbol)

C:/ST/STM32CubeIDE_1.18.0/STM32CubeIDE/plugins/com.st.stm32cube.ide.mcu.externaltools.gnu-tools-for-stm32.13.3.rel1.win32_1.0.0.202411081344/tools/bin/../lib/gcc/arm-none-eabi/13.3.1/../../../../arm-none-eabi/lib/thumb/v7e-m+fp/hard\libc_nano.a(libc_a-exit.o)
                              C:/ST/STM32CubeIDE_1.18.0/STM32CubeIDE/plugins/com.st.stm32cube.ide.mcu.externaltools.gnu-tools-for-stm32.13.3.rel1.win32_1.0.0.202411081344/tools/bin/../lib/gcc/arm-none-eabi/13.3.1/../../../../arm-none-eabi/lib/thumb/v7e-m+fp/hard/crt0.o (exit)
C:/ST/STM32CubeIDE_1.18.0/STM32CubeIDE/plugins/com.st.stm32cube.ide.mcu.externaltools.gnu-tools-for-stm32.13.3.rel1.win32_1.0.0.202411081344/tools/bin/../lib/gcc/arm-none-eabi/13.3.1/../../../../arm-none-eabi/lib/thumb/v7e-m+fp/hard\libc_nano.a(libc_a-findfp.o)
                              C:/ST/STM32CubeIDE_1.18.0/STM32CubeIDE/plugins/com.st.stm32cube.ide.mcu.externaltools.gnu-tools-for-stm32.13.3.rel1.win32_1.0.0.202411081344/tools/bin/../lib/gcc/arm-none-eabi/13.3.1/../../../../arm-none-eabi/lib/thumb/v7e-m+fp/hard\libc_nano.a(libc_a-exit.o) (__stdio_exit_handler)
C:/ST/STM32CubeIDE_1.18.0/STM32CubeIDE/plugins/com.st.stm32cube.ide.mcu.externaltools.gnu-tools-for-stm32.13.3.rel1.win32_1.0.0.202411081344/tools/bin/../lib/gcc/arm-none-eabi/13.3.1/../../../../arm-none-eabi/lib/thumb/v7e-m+fp/hard\libc_nano.a(libc_a-fwalk.o)
                              C:/ST/STM32CubeIDE_1.18.0/STM32CubeIDE/plugins/com.st.stm32cube.ide.mcu.externaltools.gnu-tools-for-stm32.13.3.rel1.win32_1.0.0.202411081344/tools/bin/../lib/gcc/arm-none-eabi/13.3.1/../../../../arm-none-eabi/lib/thumb/v7e-m+fp/hard\libc_nano.a(libc_a-findfp.o) (_fwalk_sglue)
C:/ST/STM32CubeIDE_1.18.0/STM32CubeIDE/plugins/com.st.stm32cube.ide.mcu.externaltools.gnu-tools-for-stm32.13.3.rel1.win32_1.0.0.202411081344/tools/bin/../lib/gcc/arm-none-eabi/13.3.1/../../../../arm-none-eabi/lib/thumb/v7e-m+fp/hard\libc_nano.a(libc_a-stdio.o)
                              C:/ST/STM32CubeIDE_1.18.0/STM32CubeIDE/plugins/com.st.stm32cube.ide.mcu.externaltools.gnu-tools-for-stm32.13.3.rel1.win32_1.0.0.202411081344/tools/bin/../lib/gcc/arm-none-eabi/13.3.1/../../../../arm-none-eabi/lib/thumb/v7e-m+fp/hard\libc_nano.a(libc_a-findfp.o) (__sread)
C:/ST/STM32CubeIDE_1.18.0/STM32CubeIDE/plugins/com.st.stm32cube.ide.mcu.externaltools.gnu-tools-for-stm32.13.3.rel1.win32_1.0.0.202411081344/tools/bin/../lib/gcc/arm-none-eabi/13.3.1/../../../../arm-none-eabi/lib/thumb/v7e-m+fp/hard\libc_nano.a(libc_a-memset.o)
                              C:/ST/STM32CubeIDE_1.18.0/STM32CubeIDE/plugins/com.st.stm32cube.ide.mcu.externaltools.gnu-tools-for-stm32.13.3.rel1.win32_1.0.0.202411081344/tools/bin/../lib/gcc/arm-none-eabi/13.3.1/../../../../arm-none-eabi/lib/thumb/v7e-m+fp/hard/crt0.o (memset)
C:/ST/STM32CubeIDE_1.18.0/STM32CubeIDE/plugins/com.st.stm32cube.ide.mcu.externaltools.gnu-tools-for-stm32.13.3.rel1.win32_1.0.0.202411081344/tools/bin/../lib/gcc/arm-none-eabi/13.3.1/../../../../arm-none-eabi/lib/thumb/v7e-m+fp/hard\libc_nano.a(libc_a-strstr.o)
                              ./Core/Src/UART.o (strstr)
C:/ST/STM32CubeIDE_1.18.0/STM32CubeIDE/plugins/com.st.stm32cube.ide.mcu.externaltools.gnu-tools-for-stm32.13.3.rel1.win32_1.0.0.202411081344/tools/bin/../lib/gcc/arm-none-eabi/13.3.1/../../../../arm-none-eabi/lib/thumb/v7e-m+fp/hard\libc_nano.a(libc_a-closer.o)
                              C:/ST/STM32CubeIDE_1.18.0/STM32CubeIDE/plugins/com.st.stm32cube.ide.mcu.externaltools.gnu-tools-for-stm32.13.3.rel1.win32_1.0.0.202411081344/tools/bin/../lib/gcc/arm-none-eabi/13.3.1/../../../../arm-none-eabi/lib/thumb/v7e-m+fp/hard\libc_nano.a(libc_a-stdio.o) (_close_r)
C:/ST/STM32CubeIDE_1.18.0/STM32CubeIDE/plugins/com.st.stm32cube.ide.mcu.externaltools.gnu-tools-for-stm32.13.3.rel1.win32_1.0.0.202411081344/tools/bin/../lib/gcc/arm-none-eabi/13.3.1/../../../../arm-none-eabi/lib/thumb/v7e-m+fp/hard\libc_nano.a(libc_a-reent.o)
                              C:/ST/STM32CubeIDE_1.18.0/STM32CubeIDE/plugins/com.st.stm32cube.ide.mcu.externaltools.gnu-tools-for-stm32.13.3.rel1.win32_1.0.0.202411081344/tools/bin/../lib/gcc/arm-none-eabi/13.3.1/../../../../arm-none-eabi/lib/thumb/v7e-m+fp/hard\libc_nano.a(libc_a-closer.o) (errno)
C:/ST/STM32CubeIDE_1.18.0/STM32CubeIDE/plugins/com.st.stm32cube.ide.mcu.externaltools.gnu-tools-for-stm32.13.3.rel1.win32_1.0.0.202411081344/tools/bin/../lib/gcc/arm-none-eabi/13.3.1/../../../../arm-none-eabi/lib/thumb/v7e-m+fp/hard\libc_nano.a(libc_a-impure.o)
                              C:/ST/STM32CubeIDE_1.18.0/STM32CubeIDE/plugins/com.st.stm32cube.ide.mcu.externaltools.gnu-tools-for-stm32.13.3.rel1.win32_1.0.0.202411081344/tools/bin/../lib/gcc/arm-none-eabi/13.3.1/../../../../arm-none-eabi/lib/thumb/v7e-m+fp/hard\libc_nano.a(libc_a-reent.o) (_impure_ptr)
[...]
Memory Configuration

Name             Origin             Length             Attributes
RAM              0x20000800         0x0001f800         xrw
FLASH            0x08000000         0x00080000         xr
*default*        0x00000000         0xffffffff

Linker script and memory map

LOAD C:/ST/STM32CubeIDE_1.18.0/STM32CubeIDE/plugins/com.st.stm32cube.ide.mcu.externaltools.gnu-tools-for-stm32.13.3.rel1.win32_1.0.0.202411081344/tools/bin/../lib/gcc/arm-none-eabi/13.3.1/thumb/v7e-m+fp/hard/crti.o
LOAD C:/ST/STM32CubeIDE_1.18.0/STM32CubeIDE/plugins/com.st.stm32cube.ide.mcu.externaltools.gnu-tools-for-stm32.13.3.rel1.win32_1.0.0.202411081344/tools/bin/../lib/gcc/arm-none-eabi/13.3.1/thumb/v7e-m+fp/hard/crtbegin.o
LOAD C:/ST/STM32CubeIDE_1.18.0/STM32CubeIDE/plugins/com.st.stm32cube.ide.mcu.externaltools.gnu-tools-for-stm32.13.3.rel1.win32_1.0.0.202411081344/tools/bin/../lib/gcc/arm-none-eabi/13.3.1/../../../../arm-none-eabi/lib/thumb/v7e-m+fp/hard/crt0.o
LOAD ./Core/Src/Button.o
LOAD ./Core/Src/Flash_Eraser.o
LOAD ./Core/Src/I2C.o
LOAD ./Core/Src/Interrupt.o
LOAD ./Core/Src/LED.o
LOAD ./Core/Src/SPI.o
LOAD ./Core/Src/TIMER.o
LOAD ./Core/Src/UART.o
LOAD ./Core/Src/main.o
LOAD ./Core/Src/stm32f4xx_hal_msp.o
LOAD ./Core/Src/stm32f4xx_it.o
LOAD ./Core/Src/syscalls.o
LOAD ./Core/Src/sysmem.o
LOAD ./Core/Src/system_stm32f4xx.o
LOAD ./Core/Startup/startup_stm32f411vetx.o
LOAD ./Drivers/STM32F4xx_HAL_Driver/Src/stm32f4xx_hal.o
LOAD ./Drivers/STM32F4xx_HAL_Driver/Src/stm32f4xx_hal_cortex.o
LOAD ./Drivers/STM32F4xx_HAL_Driver/Src/stm32f4xx_hal_dma.o
LOAD ./Drivers/STM32F4xx_HAL_Driver/Src/stm32f4xx_hal_dma_ex.o
LOAD ./Drivers/STM32F4xx_HAL_Driver/Src/stm32f4xx_hal_exti.o
LOAD ./Drivers/STM32F4xx_HAL_Driver/Src/stm32f4xx_hal_flash.o
LOAD ./Drivers/STM32F4xx_HAL_Driver/Src/stm32f4xx_hal_flash_ex.o
LOAD ./Drivers/STM32F4xx_HAL_Driver/Src/stm32f4xx_hal_flash_ramfunc.o
LOAD ./Drivers/STM32F4xx_HAL_Driver/Src/stm32f4xx_hal_gpio.o
LOAD ./Drivers/STM32F4xx_HAL_Driver/Src/stm32f4xx_hal_pwr.o
LOAD ./Drivers/STM32F4xx_HAL_Driver/Src/stm32f4xx_hal_pwr_ex.o
LOAD ./Drivers/STM32F4xx_HAL_Driver/Src/stm32f4xx_hal_rcc.o
LOAD ./Drivers/STM32F4xx_HAL_Driver/Src/stm32f4xx_hal_rcc_ex.o
START GROUP
LOAD C:/ST/STM32CubeIDE_1.18.0/STM32CubeIDE/plugins/com.st.stm32cube.ide.mcu.externaltools.gnu-tools-for-stm32.13.3.rel1.win32_1.0.0.202411081344/tools/bin/../lib/gcc/arm-none-eabi/13.3.1/../../../../arm-none-eabi/lib/thumb/v7e-m+fp/hard\libc_nano.a
LOAD C:/ST/STM32CubeIDE_1.18.0/STM32CubeIDE/plugins/com.st.stm32cube.ide.mcu.externaltools.gnu-tools-for-stm32.13.3.rel1.win32_1.0.0.202411081344/tools/bin/../lib/gcc/arm-none-eabi/13.3.1/../../../../arm-none-eabi/lib/thumb/v7e-m+fp/hard\libm.a
END GROUP
START GROUP
LOAD C:/ST/STM32CubeIDE_1.18.0/STM32CubeIDE/plugins/com.st.stm32cube.ide.mcu.externaltools.gnu-tools-for-stm32.13.3.rel1.win32_1.0.0.202411081344/tools/bin/../lib/gcc/arm-none-eabi/13.3.1/thumb/v7e-m+fp/hard\libgcc.a
LOAD C:/ST/STM32CubeIDE_1.18.0/STM32CubeIDE/plugins/com.st.stm32cube.ide.mcu.externaltools.gnu-tools-for-stm32.13.3.rel1.win32_1.0.0.202411081344/tools/bin/../lib/gcc/arm-none-eabi/13.3.1/../../../../arm-none-eabi/lib/thumb/v7e-m+fp/hard\libc_nano.a
END GROUP
START GROUP
LOAD C:/ST/STM32CubeIDE_1.18.0/STM32CubeIDE/plugins/com.st.stm32cube.ide.mcu.externaltools.gnu-tools-for-stm32.13.3.rel1.win32_1.0.0.202411081344/tools/bin/../lib/gcc/arm-none-eabi/13.3.1/thumb/v7e-m+fp/hard\libgcc.a
LOAD C:/ST/STM32CubeIDE_1.18.0/STM32CubeIDE/plugins/com.st.stm32cube.ide.mcu.externaltools.gnu-tools-for-stm32.13.3.rel1.win32_1.0.0.202411081344/tools/bin/../lib/gcc/arm-none-eabi/13.3.1/../../../../arm-none-eabi/lib/thumb/v7e-m+fp/hard\libc_nano.a
LOAD C:/ST/STM32CubeIDE_1.18.0/STM32CubeIDE/plugins/com.st.stm32cube.ide.mcu.externaltools.gnu-tools-for-stm32.13.3.rel1.win32_1.0.0.202411081344/tools/bin/../lib/gcc/arm-none-eabi/13.3.1/../../../../arm-none-eabi/lib/thumb/v7e-m+fp/hard\libnosys.a
END GROUP
START GROUP
LOAD C:/ST/STM32CubeIDE_1.18.0/STM32CubeIDE/plugins/com.st.stm32cube.ide.mcu.externaltools.gnu-tools-for-stm32.13.3.rel1.win32_1.0.0.202411081344/tools/bin/../lib/gcc/arm-none-eabi/13.3.1/thumb/v7e-m+fp/hard\libgcc.a
LOAD C:/ST/STM32CubeIDE_1.18.0/STM32CubeIDE/plugins/com.st.stm32cube.ide.mcu.externaltools.gnu-tools-for-stm32.13.3.rel1.win32_1.0.0.202411081344/tools/bin/../lib/gcc/arm-none-eabi/13.3.1/../../../../arm-none-eabi/lib/thumb/v7e-m+fp/hard\libc_nano.a
LOAD C:/ST/STM32CubeIDE_1.18.0/STM32CubeIDE/plugins/com.st.stm32cube.ide.mcu.externaltools.gnu-tools-for-stm32.13.3.rel1.win32_1.0.0.202411081344/tools/bin/../lib/gcc/arm-none-eabi/13.3.1/../../../../arm-none-eabi/lib/thumb/v7e-m+fp/hard\libnosys.a
END GROUP
LOAD C:/ST/STM32CubeIDE_1.18.0/STM32CubeIDE/plugins/com.st.stm32cube.ide.mcu.externaltools.gnu-tools-for-stm32.13.3.rel1.win32_1.0.0.202411081344/tools/bin/../lib/gcc/arm-none-eabi/13.3.1/thumb/v7e-m+fp/hard/crtend.o
LOAD C:/ST/STM32CubeIDE_1.18.0/STM32CubeIDE/plugins/com.st.stm32cube.ide.mcu.externaltools.gnu-tools-for-stm32.13.3.rel1.win32_1.0.0.202411081344/tools/bin/../lib/gcc/arm-none-eabi/13.3.1/thumb/v7e-m+fp/hard/crtn.o
                0x20020000                        _estack = (ORIGIN (RAM) + LENGTH (RAM))
                0x00000200                        _Min_Heap_Size = 0x200
                0x00000400                        _Min_Stack_Size = 0x400

.isr_vector     0x08000000      0x198
                0x08000000                        . = ALIGN (0x4)
 *(.isr_vector)
 .isr_vector    0x08000000      0x198 ./Core/Startup/startup_stm32f411vetx.o
                0x08000000                g_pfnVectors
                0x08000198                        . = ALIGN (0x4)

.text           0x08000198      0xba8
                0x08000198                        . = ALIGN (0x4)
 *(.text)
 .text          0x08000198       0x40 C:/ST/STM32CubeIDE_1.18.0/STM32CubeIDE/plugins/com.st.stm32cube.ide.mcu.externaltools.gnu-tools-for-stm32.13.3.rel1.win32_1.0.0.202411081344/tools/bin/../lib/gcc/arm-none-eabi/13.3.1/thumb/v7e-m+fp/hard/crtbegin.o
 *(.text*)
 .text.buttoninit
                0x080001d8       0x44 ./Core/Src/Button.o
                0x080001d8                buttoninit
 .text.buttonState
                0x0800021c       0x24 ./Core/Src/Button.o
                0x0800021c                buttonState
 .text.EXTI_Init
                0x08000240       0xe4 ./Core/Src/Interrupt.o
                0x08000240                EXTI_Init
 .text.LEDinit  0x08000324       0x98 ./Core/Src/LED.o
                0x08000324                LEDinit
 .text.LEDblink
                0x080003bc       0x3c ./Core/Src/LED.o
                0x080003bc                LEDblink
 .text.SPI_Init
                0x080003f8      0x154 ./Core/Src/SPI.o
                0x080003f8                SPI_Init
 .text.Timer_init
                0x0800054c       0x5c ./Core/Src/TIMER.o
                0x0800054c                Timer_init
 .text.UART1_Init
                0x080005a8       0xf4 ./Core/Src/UART.o
                0x080005a8                UART1_Init
 .text.USART1_IRQHandler
                0x0800069c       0x88 ./Core/Src/UART.o
                0x0800069c                USART1_IRQHandler
 .text.dma2_UART1_rx_Init
                0x08000724       0xcc ./Core/Src/UART.o
                0x08000724                dma2_UART1_rx_Init
 .text.DMA2_Stream2_IRQHandler
                0x080007f0        0xe ./Core/Src/UART.o
                0x080007f0                DMA2_Stream2_IRQHandler
 *fill*         0x080007fe        0x2 
 .text.function
                0x08000800       0x34 ./Core/Src/main.o
                0x08000800                function
 .text.main     0x08000834       0x50 ./Core/Src/main.o
                0x08000834                main
 .text.HAL_MspInit
                0x08000884       0x50 ./Core/Src/stm32f4xx_hal_msp.o
                0x08000884                HAL_MspInit
 .text.NMI_Handler
                0x080008d4        0x8 ./Core/Src/stm32f4xx_it.o
                0x080008d4                NMI_Handler
 .text.HardFault_Handler
                0x080008dc        0x8 ./Core/Src/stm32f4xx_it.o
                0x080008dc                HardFault_Handler
 .text.MemManage_Handler
                0x080008e4        0x8 ./Core/Src/stm32f4xx_it.o
                0x080008e4                MemManage_Handler
 .text.BusFault_Handler
                0x080008ec        0x8 ./Core/Src/stm32f4xx_it.o
                0x080008ec                BusFault_Handler
 .text.UsageFault_Handler
                0x080008f4        0x8 ./Core/Src/stm32f4xx_it.o
                0x080008f4                UsageFault_Handler
 .text.SVC_Handler
                0x080008fc        0xe ./Core/Src/stm32f4xx_it.o
                0x080008fc                SVC_Handler
 .text.DebugMon_Handler
                0x0800090a        0xe ./Core/Src/stm32f4xx_it.o
                0x0800090a                DebugMon_Handler
 .text.PendSV_Handler
                0x08000918        0xe ./Core/Src/stm32f4xx_it.o
                0x08000918                PendSV_Handler
 .text.SysTick_Handler
                0x08000926        0xc ./Core/Src/stm32f4xx_it.o
                0x08000926                SysTick_Handler
 *fill*         0x08000932        0x2 
 .text.SystemInit
                0x08000934       0x24 ./Core/Src/system_stm32f4xx.o
                0x08000934                SystemInit
 .text.Reset_Handler
                0x08000958       0x50 ./Core/Startup/startup_stm32f411vetx.o
                0x08000958                Reset_Handler
 .text.Default_Handler
                0x080009a8        0x2 ./Core/Startup/startup_stm32f411vetx.o
                0x080009a8                RTC_Alarm_IRQHandler
                0x080009a8                EXTI2_IRQHandler
                0x080009a8                SPI4_IRQHandler
                0x080009a8                TIM1_CC_IRQHandler
                0x080009a8                DMA2_Stream5_IRQHandler
                0x080009a8                DMA1_Stream5_IRQHandler
                0x080009a8                PVD_IRQHandler
                0x080009a8                SDIO_IRQHandler
                0x080009a8                TAMP_STAMP_IRQHandler
                0x080009a8                EXTI3_IRQHandler
                0x080009a8                TIM1_UP_TIM10_IRQHandler
                0x080009a8                I2C3_ER_IRQHandler
                0x080009a8                EXTI0_IRQHandler
                0x080009a8                I2C2_EV_IRQHandler
                0x080009a8                DMA1_Stream2_IRQHandler
                0x080009a8                FPU_IRQHandler
                0x080009a8                SPI1_IRQHandler
                0x080009a8                TIM1_BRK_TIM9_IRQHandler
                0x080009a8                DMA2_Stream3_IRQHandler
                0x080009a8                USART6_IRQHandler
                0x080009a8                DMA2_Stream0_IRQHandler
                0x080009a8                TIM4_IRQHandler
                0x080009a8                I2C1_EV_IRQHandler
                0x080009a8                DMA1_Stream6_IRQHandler
                0x080009a8                DMA1_Stream1_IRQHandler
                0x080009a8                TIM3_IRQHandler
                0x080009a8                RCC_IRQHandler
                0x080009a8                Default_Handler
                0x080009a8                EXTI15_10_IRQHandler
                0x080009a8                ADC_IRQHandler
                0x080009a8                DMA1_Stream7_IRQHandler
                0x080009a8                SPI5_IRQHandler
                0x080009a8                TIM5_IRQHandler
                0x080009a8                DMA2_Stream7_IRQHandler
                0x080009a8                I2C3_EV_IRQHandler
                0x080009a8                EXTI9_5_IRQHandler
                0x080009a8                RTC_WKUP_IRQHandler
                0x080009a8                SPI2_IRQHandler
                0x080009a8                DMA1_Stream0_IRQHandler
                0x080009a8                EXTI4_IRQHandler
                0x080009a8                WWDG_IRQHandler
                0x080009a8                TIM2_IRQHandler
                0x080009a8                OTG_FS_WKUP_IRQHandler
                0x080009a8                TIM1_TRG_COM_TIM11_IRQHandler
                0x080009a8                EXTI1_IRQHandler
                0x080009a8                USART2_IRQHandler
                0x080009a8                I2C2_ER_IRQHandler
                0x080009a8                DMA2_Stream1_IRQHandler
                0x080009a8                FLASH_IRQHandler
                0x080009a8                DMA2_Stream4_IRQHandler
                0x080009a8                OTG_FS_IRQHandler
                0x080009a8                SPI3_IRQHandler
                0x080009a8                DMA1_Stream4_IRQHandler
                0x080009a8                I2C1_ER_IRQHandler
                0x080009a8                DMA2_Stream6_IRQHandler
                0x080009a8                DMA1_Stream3_IRQHandler
 *fill*         0x080009aa        0x2 
 .text.HAL_Init
                0x080009ac       0x44 ./Drivers/STM32F4xx_HAL_Driver/Src/stm32f4xx_hal.o
                0x080009ac                HAL_Init
 .text.HAL_InitTick
                0x080009f0       0x60 ./Drivers/STM32F4xx_HAL_Driver/Src/stm32f4xx_hal.o
                0x080009f0                HAL_InitTick
 .text.HAL_IncTick
                0x08000a50       0x28 ./Drivers/STM32F4xx_HAL_Driver/Src/stm32f4xx_hal.o
                0x08000a50                HAL_IncTick
 .text.HAL_GetTick
                0x08000a78       0x18 ./Drivers/STM32F4xx_HAL_Driver/Src/stm32f4xx_hal.o
                0x08000a78                HAL_GetTick
 .text.HAL_Delay
                0x08000a90       0x48 ./Drivers/STM32F4xx_HAL_Driver/Src/stm32f4xx_hal.o
                0x08000a90                HAL_Delay
 .text.__NVIC_SetPriorityGrouping
                0x08000ad8       0x48 ./Drivers/STM32F4xx_HAL_Driver/Src/stm32f4xx_hal_cortex.o
 .text.__NVIC_GetPriorityGrouping
                0x08000b20       0x1c ./Drivers/STM32F4xx_HAL_Driver/Src/stm32f4xx_hal_cortex.o
 .text.__NVIC_SetPriority
                0x08000b3c       0x54 ./Drivers/STM32F4xx_HAL_Driver/Src/stm32f4xx_hal_cortex.o
 .text.NVIC_EncodePriority
                0x08000b90       0x66 ./Drivers/STM32F4xx_HAL_Driver/Src/stm32f4xx_hal_cortex.o
 *fill*         0x08000bf6        0x2 
 .text.SysTick_Config
                0x08000bf8       0x44 ./Drivers/STM32F4xx_HAL_Driver/Src/stm32f4xx_hal_cortex.o
 .text.HAL_NVIC_SetPriorityGrouping
                0x08000c3c       0x16 ./Drivers/STM32F4xx_HAL_Driver/Src/stm32f4xx_hal_cortex.o
                0x08000c3c                HAL_NVIC_SetPriorityGrouping
 .text.HAL_NVIC_SetPriority
                0x08000c52       0x38 ./Drivers/STM32F4xx_HAL_Driver/Src/stm32f4xx_hal_cortex.o
                0x08000c52                HAL_NVIC_SetPriority
 .text.HAL_SYSTICK_Config
                0x08000c8a       0x18 ./Drivers/STM32F4xx_HAL_Driver/Src/stm32f4xx_hal_cortex.o
                0x08000c8a                HAL_SYSTICK_Config
 .text.memset   0x08000ca2       0x10 C:/ST/STM32CubeIDE_1.18.0/STM32CubeIDE/plugins/com.st.stm32cube.ide.mcu.externaltools.gnu-tools-for-stm32.13.3.rel1.win32_1.0.0.202411081344/tools/bin/../lib/gcc/arm-none-eabi/13.3.1/../../../../arm-none-eabi/lib/thumb/v7e-m+fp/hard\libc_nano.a(libc_a-memset.o)
                0x08000ca2                memset
 .text.strstr   0x08000cb2       0x2c C:/ST/STM32CubeIDE_1.18.0/STM32CubeIDE/plugins/com.st.stm32cube.ide.mcu.externaltools.gnu-tools-for-stm32.13.3.rel1.win32_1.0.0.202411081344/tools/bin/../lib/gcc/arm-none-eabi/13.3.1/../../../../arm-none-eabi/lib/thumb/v7e-m+fp/hard\libc_nano.a(libc_a-strstr.o)
                0x08000cb2                strstr
 *fill*         0x08000cde        0x2 
 .text.__libc_init_array
                0x08000ce0       0x48 C:/ST/STM32CubeIDE_1.18.0/STM32CubeIDE/plugins/com.st.stm32cube.ide.mcu.externaltools.gnu-tools-for-stm32.13.3.rel1.win32_1.0.0.202411081344/tools/bin/../lib/gcc/arm-none-eabi/13.3.1/../../../../arm-none-eabi/lib/thumb/v7e-m+fp/hard\libc_nano.a(libc_a-init.o)
                0x08000ce0                __libc_init_array
 *(.glue_7)
 .glue_7        0x08000d28        0x0 linker stubs
 *(.glue_7t)
 .glue_7t       0x08000d28        0x0 linker stubs
 *(.eh_frame)
 .eh_frame      0x08000d28        0x0 C:/ST/STM32CubeIDE_1.18.0/STM32CubeIDE/plugins/com.st.stm32cube.ide.mcu.externaltools.gnu-tools-for-stm32.13.3.rel1.win32_1.0.0.202411081344/tools/bin/../lib/gcc/arm-none-eabi/13.3.1/thumb/v7e-m+fp/hard/crtbegin.o
 *(.init)
 .init          0x08000d28        0x4 C:/ST/STM32CubeIDE_1.18.0/STM32CubeIDE/plugins/com.st.stm32cube.ide.mcu.externaltools.gnu-tools-for-stm32.13.3.rel1.win32_1.0.0.202411081344/tools/bin/../lib/gcc/arm-none-eabi/13.3.1/thumb/v7e-m+fp/hard/crti.o
                0x08000d28                _init
 .init          0x08000d2c        0x8 C:/ST/STM32CubeIDE_1.18.0/STM32CubeIDE/plugins/com.st.stm32cube.ide.mcu.externaltools.gnu-tools-for-stm32.13.3.rel1.win32_1.0.0.202411081344/tools/bin/../lib/gcc/arm-none-eabi/13.3.1/thumb/v7e-m+fp/hard/crtn.o
 *(.fini)
 .fini          0x08000d34        0x4 C:/ST/STM32CubeIDE_1.18.0/STM32CubeIDE/plugins/com.st.stm32cube.ide.mcu.externaltools.gnu-tools-for-stm32.13.3.rel1.win32_1.0.0.202411081344/tools/bin/../lib/gcc/arm-none-eabi/13.3.1/thumb/v7e-m+fp/hard/crti.o
                0x08000d34                _fini
 .fini          0x08000d38        0x8 C:/ST/STM32CubeIDE_1.18.0/STM32CubeIDE/plugins/com.st.stm32cube.ide.mcu.externaltools.gnu-tools-for-stm32.13.3.rel1.win32_1.0.0.202411081344/tools/bin/../lib/gcc/arm-none-eabi/13.3.1/thumb/v7e-m+fp/hard/crtn.o
                0x08000d40                        . = ALIGN (0x4)
                0x08000d40                        _etext = .

.vfp11_veneer   0x08000d40        0x0
 .vfp11_veneer  0x08000d40        0x0 linker stubs

.v4_bx          0x08000d40        0x0
 .v4_bx         0x08000d40        0x0 linker stubs

.iplt           0x08000d40        0x0
 .iplt          0x08000d40        0x0 C:/ST/STM32CubeIDE_1.18.0/STM32CubeIDE/plugins/com.st.stm32cube.ide.mcu.externaltools.gnu-tools-for-stm32.13.3.rel1.win32_1.0.0.202411081344/tools/bin/../lib/gcc/arm-none-eabi/13.3.1/thumb/v7e-m+fp/hard/crtbegin.o

.rodata         0x08000d40       0x10
                0x08000d40                        . = ALIGN (0x4)
 *(.rodata)
 .rodata        0x08000d40       0x10 ./Core/Src/UART.o
 *(.rodata*)
                0x08000d50                        . = ALIGN (0x4)

.ARM.extab      0x08000d50        0x0
                0x08000d50                        . = ALIGN (0x4)
 *(.ARM.extab* .gnu.linkonce.armextab.*)
                0x08000d50                        . = ALIGN (0x4)

.ARM            0x08000d50        0x0
                0x08000d50                        . = ALIGN (0x4)
                0x08000d50                        __exidx_start = .
 *(.ARM.exidx*)
                0x08000d50                        __exidx_end = .
                0x08000d50                        . = ALIGN (0x4)

.preinit_array  0x08000d50        0x0
                0x08000d50                        . = ALIGN (0x4)
                0x08000d50                        PROVIDE (__preinit_array_start = .)
 *(.preinit_array*)
                0x08000d50                        PROVIDE (__preinit_array_end = .)
                0x08000d50                        . = ALIGN (0x4)

.init_array     0x08000d50        0x4
                0x08000d50                        . = ALIGN (0x4)
                0x08000d50                        PROVIDE (__init_array_start = .)
 *(SORT_BY_NAME(.init_array.*))
 *(.init_array*)
 .init_array    0x08000d50        0x4 C:/ST/STM32CubeIDE_1.18.0/STM32CubeIDE/plugins/com.st.stm32cube.ide.mcu.externaltools.gnu-tools-for-stm32.13.3.rel1.win32_1.0.0.202411081344/tools/bin/../lib/gcc/arm-none-eabi/13.3.1/thumb/v7e-m+fp/hard/crtbegin.o
                0x08000d54                        PROVIDE (__init_array_end = .)
                0x08000d54                        . = ALIGN (0x4)

.fini_array     0x08000d54        0x4
                0x08000d54                        . = ALIGN (0x4)
                [!provide]                        PROVIDE (__fini_array_start = .)
 *(SORT_BY_NAME(.fini_array.*))
 *(.fini_array*)
 .fini_array    0x08000d54        0x4 C:/ST/STM32CubeIDE_1.18.0/STM32CubeIDE/plugins/com.st.stm32cube.ide.mcu.externaltools.gnu-tools-for-stm32.13.3.rel1.win32_1.0.0.202411081344/tools/bin/../lib/gcc/arm-none-eabi/13.3.1/thumb/v7e-m+fp/hard/crtbegin.o
                [!provide]                        PROVIDE (__fini_array_end = .)
                0x08000d58                        . = ALIGN (0x4)
                0x08000d58                        _sidata = LOADADDR (.data)

.rel.dyn        0x08000d58        0x0
 .rel.iplt      0x08000d58        0x0 C:/ST/STM32CubeIDE_1.18.0/STM32CubeIDE/plugins/com.st.stm32cube.ide.mcu.externaltools.gnu-tools-for-stm32.13.3.rel1.win32_1.0.0.202411081344/tools/bin/../lib/gcc/arm-none-eabi/13.3.1/thumb/v7e-m+fp/hard/crtbegin.o

.data           0x20000800        0xc load address 0x08000d58
                0x20000800                        . = ALIGN (0x4)
                0x20000800                        _sdata = .
 *(.data)
 *(.data*)
 .data.SystemCoreClock
                0x20000800        0x4 ./Core/Src/system_stm32f4xx.o
                0x20000800                SystemCoreClock
 .data.uwTickPrio
                0x20000804        0x4 ./Drivers/STM32F4xx_HAL_Driver/Src/stm32f4xx_hal.o
                0x20000804                uwTickPrio
 .data.uwTickFreq
                0x20000808        0x1 ./Drivers/STM32F4xx_HAL_Driver/Src/stm32f4xx_hal.o
                0x20000808                uwTickFreq
 *(.RamFunc)
 *(.RamFunc*)
                0x2000080c                        . = ALIGN (0x4)
 *fill*         0x20000809        0x3 
                0x2000080c                        _edata = .

.igot.plt       0x2000080c        0x0 load address 0x08000d64
 .igot.plt      0x2000080c        0x0 C:/ST/STM32CubeIDE_1.18.0/STM32CubeIDE/plugins/com.st.stm32cube.ide.mcu.externaltools.gnu-tools-for-stm32.13.3.rel1.win32_1.0.0.202411081344/tools/bin/../lib/gcc/arm-none-eabi/13.3.1/thumb/v7e-m+fp/hard/crtbegin.o
                0x2000080c                        . = ALIGN (0x4)

.bss            0x2000080c      0xd08 load address 0x08000d64
                0x2000080c                        _sbss = .
                0x2000080c                        __bss_start__ = _sbss
 *(.bss)
 .bss           0x2000080c       0x1c C:/ST/STM32CubeIDE_1.18.0/STM32CubeIDE/plugins/com.st.stm32cube.ide.mcu.externaltools.gnu-tools-for-stm32.13.3.rel1.win32_1.0.0.202411081344/tools/bin/../lib/gcc/arm-none-eabi/13.3.1/thumb/v7e-m+fp/hard/crtbegin.o
 *(.bss*)
 .bss.recei_data
                0x20000828       0x20 ./Core/Src/UART.o
                0x20000828                recei_data
 .bss.rx_index  0x20000848        0x4 ./Core/Src/UART.o
                0x20000848                rx_index
 .bss.rx_buf    0x2000084c      0xcc4 ./Core/Src/UART.o
                0x2000084c                rx_buf
 .bss.uwTick    0x20001510        0x4 ./Drivers/STM32F4xx_HAL_Driver/Src/stm32f4xx_hal.o
                0x20001510                uwTick
 *(COMMON)
                0x20001514                        . = ALIGN (0x4)
                0x20001514                        _ebss = .
                0x20001514                        __bss_end__ = _ebss

._user_heap_stack
                0x20001514      0x604 load address 0x08000d64
                0x20001518                        . = ALIGN (0x8)
 *fill*         0x20001514        0x4 
                [!provide]                        PROVIDE (end = .)
                0x20001518                        PROVIDE (_end = .)
                0x20001718                        . = (. + _Min_Heap_Size)
 *fill*         0x20001518      0x200 
                0x20001b18                        . = (. + _Min_Stack_Size)
 *fill*         0x20001718      0x400 
                0x20001b18                        . = ALIGN (0x8)

/DISCARD/
 libc.a(*)
 libm.a(*)
 libgcc.a(*)

.ARM.attributes
                0x00000000       0x30
 *(.ARM.attributes)
 .ARM.attributes
                0x00000000       0x22 C:/ST/STM32CubeIDE_1.18.0/STM32CubeIDE/plugins/com.st.stm32cube.ide.mcu.externaltools.gnu-tools-for-stm32.13.3.rel1.win32_1.0.0.202411081344/tools/bin/../lib/gcc/arm-none-eabi/13.3.1/thumb/v7e-m+fp/hard/crti.o
 .ARM.attributes
                0x00000022       0x34 C:/ST/STM32CubeIDE_1.18.0/STM32CubeIDE/plugins/com.st.stm32cube.ide.mcu.externaltools.gnu-tools-for-stm32.13.3.rel1.win32_1.0.0.202411081344/tools/bin/../lib/gcc/arm-none-eabi/13.3.1/thumb/v7e-m+fp/hard/crtbegin.o
 .ARM.attributes
                0x00000056       0x34 ./Core/Src/Button.o
 .ARM.attributes
                0x0000008a       0x34 ./Core/Src/Interrupt.o
 .ARM.attributes
                0x000000be       0x34 ./Core/Src/LED.o
 .ARM.attributes
                0x000000f2       0x34 ./Core/Src/SPI.o
 .ARM.attributes
                0x00000126       0x34 ./Core/Src/TIMER.o
 .ARM.attributes
                0x0000015a       0x34 ./Core/Src/UART.o
 .ARM.attributes
                0x0000018e       0x34 ./Core/Src/main.o
 .ARM.attributes
                0x000001c2       0x34 ./Core/Src/stm32f4xx_hal_msp.o
 .ARM.attributes
                0x000001f6       0x34 ./Core/Src/stm32f4xx_it.o
 .ARM.attributes
                0x0000022a       0x34 ./Core/Src/system_stm32f4xx.o
 .ARM.attributes
                0x0000025e       0x21 ./Core/Startup/startup_stm32f411vetx.o
 .ARM.attributes
                0x0000027f       0x34 ./Drivers/STM32F4xx_HAL_Driver/Src/stm32f4xx_hal.o
 .ARM.attributes
                0x000002b3       0x34 ./Drivers/STM32F4xx_HAL_Driver/Src/stm32f4xx_hal_cortex.o
 .ARM.attributes
                0x000002e7       0x34 C:/ST/STM32CubeIDE_1.18.0/STM32CubeIDE/plugins/com.st.stm32cube.ide.mcu.externaltools.gnu-tools-for-stm32.13.3.rel1.win32_1.0.0.202411081344/tools/bin/../lib/gcc/arm-none-eabi/13.3.1/../../../../arm-none-eabi/lib/thumb/v7e-m+fp/hard\libc_nano.a(libc_a-memset.o)
 .ARM.attributes
                0x0000031b       0x34 C:/ST/STM32CubeIDE_1.18.0/STM32CubeIDE/plugins/com.st.stm32cube.ide.mcu.externaltools.gnu-tools-for-stm32.13.3.rel1.win32_1.0.0.202411081344/tools/bin/../lib/gcc/arm-none-eabi/13.3.1/../../../../arm-none-eabi/lib/thumb/v7e-m+fp/hard\libc_nano.a(libc_a-strstr.o)
 .ARM.attributes
                0x0000034f       0x34 C:/ST/STM32CubeIDE_1.18.0/STM32CubeIDE/plugins/com.st.stm32cube.ide.mcu.externaltools.gnu-tools-for-stm32.13.3.rel1.win32_1.0.0.202411081344/tools/bin/../lib/gcc/arm-none-eabi/13.3.1/../../../../arm-none-eabi/lib/thumb/v7e-m+fp/hard\libc_nano.a(libc_a-init.o)
 .ARM.attributes
                0x00000383       0x22 C:/ST/STM32CubeIDE_1.18.0/STM32CubeIDE/plugins/com.st.stm32cube.ide.mcu.externaltools.gnu-tools-for-stm32.13.3.rel1.win32_1.0.0.202411081344/tools/bin/../lib/gcc/arm-none-eabi/13.3.1/thumb/v7e-m+fp/hard/crtn.o
OUTPUT(New_Embedded.elf elf32-littlearm)
LOAD linker stubs
LOAD C:/ST/STM32CubeIDE_1.18.0/STM32CubeIDE/plugins/com.st.stm32cube.ide.mcu.externaltools.gnu-tools-for-stm32.13.3.rel1.win32_1.0.0.202411081344/tools/bin/../lib/gcc/arm-none-eabi/13.3.1/../../../../arm-none-eabi/lib/thumb/v7e-m+fp/hard\libc.a
LOAD C:/ST/STM32CubeIDE_1.18.0/STM32CubeIDE/plugins/com.st.stm32cube.ide.mcu.externaltools.gnu-tools-for-stm32.13.3.rel1.win32_1.0.0.202411081344/tools/bin/../lib/gcc/arm-none-eabi/13.3.1/../../../../arm-none-eabi/lib/thumb/v7e-m+fp/hard\libm.a
LOAD C:/ST/STM32CubeIDE_1.18.0/STM32CubeIDE/plugins/com.st.stm32cube.ide.mcu.externaltools.gnu-tools-for-stm32.13.3.rel1.win32_1.0.0.202411081344/tools/bin/../lib/gcc/arm-none-eabi/13.3.1/thumb/v7e-m+fp/hard\libgcc.a

.debug_info     0x00000000     0x3381
 .debug_info    0x00000000      0x295 ./Core/Src/Button.o
 .debug_info    0x00000295      0x2e4 ./Core/Src/Interrupt.o
 .debug_info    0x00000579      0x2c1 ./Core/Src/LED.o
 .debug_info    0x0000083a      0x32e ./Core/Src/SPI.o
 .debug_info    0x00000b68      0x28a ./Core/Src/TIMER.o
 .debug_info    0x00000df2      0x4d9 ./Core/Src/UART.o
 .debug_info    0x000012cb      0x1e5 ./Core/Src/main.o
 .debug_info    0x000014b0      0x291 ./Core/Src/stm32f4xx_hal_msp.o
 .debug_info    0x00001741      0x112 ./Core/Src/stm32f4xx_it.o
 .debug_info    0x00001853      0x53e ./Core/Src/system_stm32f4xx.o
 .debug_info    0x00001d91       0x30 ./Core/Startup/startup_stm32f411vetx.o
 .debug_info    0x00001dc1      0x8c4 ./Drivers/STM32F4xx_HAL_Driver/Src/stm32f4xx_hal.o
 .debug_info    0x00002685      0xcfc ./Drivers/STM32F4xx_HAL_Driver/Src/stm32f4xx_hal_cortex.o

.debug_abbrev   0x00000000     0x100a
 .debug_abbrev  0x00000000       0xe2 ./Core/Src/Button.o
 .debug_abbrev  0x000000e2      0x116 ./Core/Src/Interrupt.o
 .debug_abbrev  0x000001f8       0xf7 ./Core/Src/LED.o
 .debug_abbrev  0x000002ef      0x11f ./Core/Src/SPI.o
 .debug_abbrev  0x0000040e       0xe0 ./Core/Src/TIMER.o
 .debug_abbrev  0x000004ee      0x203 ./Core/Src/UART.o
 .debug_abbrev  0x000006f1      0x128 ./Core/Src/main.o
 .debug_abbrev  0x00000819       0xd8 ./Core/Src/stm32f4xx_hal_msp.o
 .debug_abbrev  0x000008f1       0x73 ./Core/Src/stm32f4xx_it.o
 .debug_abbrev  0x00000964      0x11a ./Core/Src/system_stm32f4xx.o
 .debug_abbrev  0x00000a7e       0x24 ./Core/Startup/startup_stm32f411vetx.o
 .debug_abbrev  0x00000aa2      0x24b ./Drivers/STM32F4xx_HAL_Driver/Src/stm32f4xx_hal.o
 .debug_abbrev  0x00000ced      0x31d ./Drivers/STM32F4xx_HAL_Driver/Src/stm32f4xx_hal_cortex.o

.debug_aranges  0x00000000      0x430
 .debug_aranges
                0x00000000       0x28 ./Core/Src/Button.o
 .debug_aranges
                0x00000028       0x20 ./Core/Src/Interrupt.o
 .debug_aranges
                0x00000048       0x28 ./Core/Src/LED.o
 .debug_aranges
                0x00000070       0x30 ./Core/Src/SPI.o
 .debug_aranges
                0x000000a0       0x28 ./Core/Src/TIMER.o
 .debug_aranges
                0x000000c8       0x50 ./Core/Src/UART.o
 .debug_aranges
                0x00000118       0x28 ./Core/Src/main.o
 .debug_aranges
                0x00000140       0x20 ./Core/Src/stm32f4xx_hal_msp.o
 .debug_aranges
                0x00000160       0x60 ./Core/Src/stm32f4xx_it.o
 .debug_aranges
                0x000001c0       0x28 ./Core/Src/system_stm32f4xx.o
 .debug_aranges
                0x000001e8       0x28 ./Core/Startup/startup_stm32f411vetx.o
 .debug_aranges
                0x00000210       0xf0 ./Drivers/STM32F4xx_HAL_Driver/Src/stm32f4xx_hal.o
 .debug_aranges
                0x00000300      0x130 ./Drivers/STM32F4xx_HAL_Driver/Src/stm32f4xx_hal_cortex.o

.debug_rnglists
                0x00000000      0x2ed
 .debug_rnglists
                0x00000000       0x19 ./Core/Src/Button.o
 .debug_rnglists
                0x00000019       0x14 ./Core/Src/Interrupt.o
 .debug_rnglists
                0x0000002d       0x1a ./Core/Src/LED.o
 .debug_rnglists
                0x00000047       0x22 ./Core/Src/SPI.o
 .debug_rnglists
                0x00000069       0x19 ./Core/Src/TIMER.o
 .debug_rnglists
                0x00000082       0x3a ./Core/Src/UART.o
 .debug_rnglists
                0x000000bc       0x19 ./Core/Src/main.o
 .debug_rnglists
                0x000000d5       0x13 ./Core/Src/stm32f4xx_hal_msp.o
 .debug_rnglists
                0x000000e8       0x43 ./Core/Src/stm32f4xx_it.o
 .debug_rnglists
                0x0000012b       0x1a ./Core/Src/system_stm32f4xx.o
 .debug_rnglists
                0x00000145       0x19 ./Core/Startup/startup_stm32f411vetx.o
 .debug_rnglists
                0x0000015e       0xaf ./Drivers/STM32F4xx_HAL_Driver/Src/stm32f4xx_hal.o
 .debug_rnglists
                0x0000020d       0xe0 ./Drivers/STM32F4xx_HAL_Driver/Src/stm32f4xx_hal_cortex.o

.debug_macro    0x00000000    0x15ebc
 .debug_macro   0x00000000      0x1cc ./Core/Src/Button.o
 .debug_macro   0x000001cc      0xad8 ./Core/Src/Button.o
 .debug_macro   0x00000ca4      0x4b0 ./Core/Src/Button.o
 .debug_macro   0x00001154       0x2e ./Core/Src/Button.o
 .debug_macro   0x00001182       0x28 ./Core/Src/Button.o
 .debug_macro   0x000011aa       0x22 ./Core/Src/Button.o
 .debug_macro   0x000011cc       0x8e ./Core/Src/Button.o
 .debug_macro   0x0000125a       0x51 ./Core/Src/Button.o
 .debug_macro   0x000012ab      0x103 ./Core/Src/Button.o
 .debug_macro   0x000013ae       0x6a ./Core/Src/Button.o
 .debug_macro   0x00001418      0x1df ./Core/Src/Button.o
 .debug_macro   0x000015f7       0x1c ./Core/Src/Button.o
 .debug_macro   0x00001613       0x22 ./Core/Src/Button.o
 .debug_macro   0x00001635       0xfb ./Core/Src/Button.o
 .debug_macro   0x00001730     0x1011 ./Core/Src/Button.o
 .debug_macro   0x00002741      0x11f ./Core/Src/Button.o
 .debug_macro   0x00002860     0xb953 ./Core/Src/Button.o
 .debug_macro   0x0000e1b3       0x6d ./Core/Src/Button.o
 .debug_macro   0x0000e220      0x28f ./Core/Src/Button.o
 .debug_macro   0x0000e4af     0x369a ./Core/Src/Button.o
 .debug_macro   0x00011b49      0x190 ./Core/Src/Button.o
 .debug_macro   0x00011cd9       0x5c ./Core/Src/Button.o
 .debug_macro   0x00011d35      0x45c ./Core/Src/Button.o
 .debug_macro   0x00012191      0x9e9 ./Core/Src/Button.o
 .debug_macro   0x00012b7a      0x115 ./Core/Src/Button.o
 .debug_macro   0x00012c8f      0x11b ./Core/Src/Button.o
 .debug_macro   0x00012daa       0xa5 ./Core/Src/Button.o
 .debug_macro   0x00012e4f      0x15f ./Core/Src/Button.o
 .debug_macro   0x00012fae      0x287 ./Core/Src/Button.o
 .debug_macro   0x00013235       0x5f ./Core/Src/Button.o
 .debug_macro   0x00013294      0x236 ./Core/Src/Button.o
 .debug_macro   0x000134ca      0x132 ./Core/Src/Button.o
 .debug_macro   0x000135fc      0x264 ./Core/Src/Button.o
 .debug_macro   0x00013860       0x2e ./Core/Src/Button.o
 .debug_macro   0x0001388e      0x127 ./Core/Src/Button.o
 .debug_macro   0x000139b5       0x85 ./Core/Src/Button.o
 .debug_macro   0x00013a3a       0x89 ./Core/Src/Button.o
 .debug_macro   0x00013ac3      0x126 ./Core/Src/Button.o
 .debug_macro   0x00013be9       0x22 ./Core/Src/Button.o
 .debug_macro   0x00013c0b      0x1ee ./Core/Src/Interrupt.o
 .debug_macro   0x00013df9      0x1c8 ./Core/Src/LED.o
 .debug_macro   0x00013fc1       0x1c ./Core/Src/LED.o
 .debug_macro   0x00013fdd      0x1c3 ./Core/Src/SPI.o
 .debug_macro   0x000141a0      0x1c3 ./Core/Src/TIMER.o
 .debug_macro   0x00014363      0x2aa ./Core/Src/UART.o
 .debug_macro   0x0001460d       0x61 ./Core/Src/UART.o
 .debug_macro   0x0001466e       0x2a ./Core/Src/UART.o
 .debug_macro   0x00014698       0x43 ./Core/Src/UART.o
 .debug_macro   0x000146db       0x34 ./Core/Src/UART.o
 .debug_macro   0x0001470f      0x370 ./Core/Src/UART.o
 .debug_macro   0x00014a7f       0x16 ./Core/Src/UART.o
 .debug_macro   0x00014a95       0x4a ./Core/Src/UART.o
 .debug_macro   0x00014adf       0x34 ./Core/Src/UART.o
 .debug_macro   0x00014b13       0x10 ./Core/Src/UART.o
 .debug_macro   0x00014b23       0x58 ./Core/Src/UART.o
 .debug_macro   0x00014b7b       0x8e ./Core/Src/UART.o
 .debug_macro   0x00014c09       0x1c ./Core/Src/UART.o
 .debug_macro   0x00014c25      0x185 ./Core/Src/UART.o
 .debug_macro   0x00014daa       0x10 ./Core/Src/UART.o
 .debug_macro   0x00014dba       0x3c ./Core/Src/UART.o
 .debug_macro   0x00014df6       0x20 ./Core/Src/UART.o
 .debug_macro   0x00014e16      0x2d4 ./Core/Src/main.o
 .debug_macro   0x000150ea       0x5b ./Core/Src/main.o
 .debug_macro   0x00015145       0x94 ./Core/Src/main.o
 .debug_macro   0x000151d9       0x16 ./Core/Src/main.o
 .debug_macro   0x000151ef       0x57 ./Core/Src/main.o
 .debug_macro   0x00015246       0x9e ./Core/Src/main.o
 .debug_macro   0x000152e4      0x112 ./Core/Src/main.o
 .debug_macro   0x000153f6       0x10 ./Core/Src/main.o
 .debug_macro   0x00015406       0x16 ./Core/Src/main.o
 .debug_macro   0x0001541c       0x16 ./Core/Src/main.o
 .debug_macro   0x00015432      0x146 ./Core/Src/main.o
 .debug_macro   0x00015578       0x56 ./Core/Src/main.o
 .debug_macro   0x000155ce      0x1ba ./Core/Src/stm32f4xx_hal_msp.o
 .debug_macro   0x00015788      0x1c4 ./Core/Src/stm32f4xx_it.o
 .debug_macro   0x0001594c      0x1b0 ./Core/Src/system_stm32f4xx.o
 .debug_macro   0x00015afc      0x210 ./Drivers/STM32F4xx_HAL_Driver/Src/stm32f4xx_hal.o
 .debug_macro   0x00015d0c      0x1b0 ./Drivers/STM32F4xx_HAL_Driver/Src/stm32f4xx_hal_cortex.o

.debug_line     0x00000000     0x676c
 .debug_line    0x00000000      0x733 ./Core/Src/Button.o
 .debug_line    0x00000733      0x78e ./Core/Src/Interrupt.o
 .debug_line    0x00000ec1      0x75a ./Core/Src/LED.o
 .debug_line    0x0000161b      0x9b0 ./Core/Src/SPI.o
 .debug_line    0x00001fcb      0x744 ./Core/Src/TIMER.o
 .debug_line    0x0000270f      0xa42 ./Core/Src/UART.o
 .debug_line    0x00003151      0x8c8 ./Core/Src/main.o
 .debug_line    0x00003a19      0x6fd ./Core/Src/stm32f4xx_hal_msp.o
 .debug_line    0x00004116      0x7ac ./Core/Src/stm32f4xx_it.o
 .debug_line    0x000048c2      0x782 ./Core/Src/system_stm32f4xx.o
 .debug_line    0x00005044       0x7a ./Core/Startup/startup_stm32f411vetx.o
 .debug_line    0x000050be      0x9ef ./Drivers/STM32F4xx_HAL_Driver/Src/stm32f4xx_hal.o
 .debug_line    0x00005aad      0xcbf ./Drivers/STM32F4xx_HAL_Driver/Src/stm32f4xx_hal_cortex.o

.debug_str      0x00000000    0x84c46
 .debug_str     0x00000000    0x84c46 ./Core/Src/Button.o
                              0x80470 (size before relaxing)
 .debug_str     0x00084c46    0x804a6 ./Core/Src/Interrupt.o
 .debug_str     0x00084c46    0x8047d ./Core/Src/LED.o
 .debug_str     0x00084c46    0x80447 ./Core/Src/SPI.o
 .debug_str     0x00084c46    0x8042b ./Core/Src/TIMER.o
 .debug_str     0x00084c46    0x83784 ./Core/Src/UART.o
 .debug_str     0x00084c46    0x83bf0 ./Core/Src/main.o
 .debug_str     0x00084c46    0x7e1db ./Core/Src/stm32f4xx_hal_msp.o
 .debug_str     0x00084c46    0x7e14f ./Core/Src/stm32f4xx_it.o
 .debug_str     0x00084c46    0x7e28b ./Core/Src/system_stm32f4xx.o
 .debug_str     0x00084c46       0x85 ./Core/Startup/startup_stm32f411vetx.o
 .debug_str     0x00084c46    0x7ecb7 ./Drivers/STM32F4xx_HAL_Driver/Src/stm32f4xx_hal.o
 .debug_str     0x00084c46    0x7ea21 ./Drivers/STM32F4xx_HAL_Driver/Src/stm32f4xx_hal_cortex.o

.comment        0x00000000       0x43
 .comment       0x00000000       0x43 ./Core/Src/Button.o
                                 0x44 (size before relaxing)
 .comment       0x00000043       0x44 ./Core/Src/Interrupt.o
 .comment       0x00000043       0x44 ./Core/Src/LED.o
 .comment       0x00000043       0x44 ./Core/Src/SPI.o
 .comment       0x00000043       0x44 ./Core/Src/TIMER.o
 .comment       0x00000043       0x44 ./Core/Src/UART.o
 .comment       0x00000043       0x44 ./Core/Src/main.o
 .comment       0x00000043       0x44 ./Core/Src/stm32f4xx_hal_msp.o
 .comment       0x00000043       0x44 ./Core/Src/stm32f4xx_it.o
 .comment       0x00000043       0x44 ./Core/Src/system_stm32f4xx.o
 .comment       0x00000043       0x44 ./Drivers/STM32F4xx_HAL_Driver/Src/stm32f4xx_hal.o
 .comment       0x00000043       0x44 ./Drivers/STM32F4xx_HAL_Driver/Src/stm32f4xx_hal_cortex.o

.debug_frame    0x00000000      0xdb0
 .debug_frame   0x00000000       0x58 ./Core/Src/Button.o
 .debug_frame   0x00000058       0x38 ./Core/Src/Interrupt.o
 .debug_frame   0x00000090       0x60 ./Core/Src/LED.o
 .debug_frame   0x000000f0       0x88 ./Core/Src/SPI.o
 .debug_frame   0x00000178       0x58 ./Core/Src/TIMER.o
 .debug_frame   0x000001d0      0x110 ./Core/Src/UART.o
 .debug_frame   0x000002e0       0x48 ./Core/Src/main.o
 .debug_frame   0x00000328       0x38 ./Core/Src/stm32f4xx_hal_msp.o
 .debug_frame   0x00000360      0x104 ./Core/Src/stm32f4xx_it.o
 .debug_frame   0x00000464       0x58 ./Core/Src/system_stm32f4xx.o
 .debug_frame   0x000004bc      0x374 ./Drivers/STM32F4xx_HAL_Driver/Src/stm32f4xx_hal.o
 .debug_frame   0x00000830      0x508 ./Drivers/STM32F4xx_HAL_Driver/Src/stm32f4xx_hal_cortex.o
 .debug_frame   0x00000d38       0x20 C:/ST/STM32CubeIDE_1.18.0/STM32CubeIDE/plugins/com.st.stm32cube.ide.mcu.externaltools.gnu-tools-for-stm32.13.3.rel1.win32_1.0.0.202411081344/tools/bin/../lib/gcc/arm-none-eabi/13.3.1/../../../../arm-none-eabi/lib/thumb/v7e-m+fp/hard\libc_nano.a(libc_a-memset.o)
 .debug_frame   0x00000d58       0x2c C:/ST/STM32CubeIDE_1.18.0/STM32CubeIDE/plugins/com.st.stm32cube.ide.mcu.externaltools.gnu-tools-for-stm32.13.3.rel1.win32_1.0.0.202411081344/tools/bin/../lib/gcc/arm-none-eabi/13.3.1/../../../../arm-none-eabi/lib/thumb/v7e-m+fp/hard\libc_nano.a(libc_a-strstr.o)
 .debug_frame   0x00000d84       0x2c C:/ST/STM32CubeIDE_1.18.0/STM32CubeIDE/plugins/com.st.stm32cube.ide.mcu.externaltools.gnu-tools-for-stm32.13.3.rel1.win32_1.0.0.202411081344/tools/bin/../lib/gcc/arm-none-eabi/13.3.1/../../../../arm-none-eabi/lib/thumb/v7e-m+fp/hard\libc_nano.a(libc_a-init.o)

.debug_line_str
                0x00000000       0x69
 .debug_line_str
                0x00000000       0x69 ./Core/Startup/startup_stm32f411vetx.o
